******************************************************************************
                  TI ARM Linker PC v20.2.7                     
******************************************************************************
>> Linked Tue Apr  8 20:01:55 2025

OUTPUT FILE NAME:   <UART_Driver.out>
ENTRY POINT SYMBOL: "_c_int00_noargs"  address: 00003b0d


MEMORY CONFIGURATION

         name            origin    length      used     unused   attr    fill
----------------------  --------  ---------  --------  --------  ----  --------
  FLASH                 00000000   00040000  00003d81  0003c27f  R  X
  SRAM                  20000000   00008000  000002fc  00007d04  RW X


SEGMENT ALLOCATION MAP

run origin  load origin   length   init length attrs members
----------  ----------- ---------- ----------- ----- -------
00000000    00000000    00003d88   00003d88    r-x
  00000000    00000000    0000026c   0000026c    r-- .intvecs
  0000026c    0000026c    000039dc   000039dc    r-x .text
  00003c48    00003c48    00000101   00000101    r-- .const
  00003d50    00003d50    00000038   00000038    r-- .cinit
20000000    20000000    000002fc   00000000    rw-
  20000000    20000000    00000200   00000000    rw- .stack
  20000200    20000200    000000e0   00000000    rw- .bss
  200002e0    200002e0    0000001c   00000000    rw- .data


SECTION ALLOCATION MAP

 output                                  attributes/
section   page    origin      length       input sections
--------  ----  ----------  ----------   ----------------
.intvecs   0    00000000    0000026c     
                  00000000    0000026c     tm4c123gh6pm_startup_ccs.obj (.intvecs)

.text      0    0000026c    000039dc     
                  0000026c    00000f44     Auto_Parking.obj (.text)
                  000011b0    00000a4e     rtsv7M4_T_le_v4SPD16_eabi.lib : _printfi.c.obj (.text:__TI_printfi)
                  00001bfe    00000002                                   : div0.asm.obj (.text)
                  00001c00    00000508     Data_PreProcessing.obj (.text)
                  00002108    0000032c     main.obj (.text)
                  00002434    00000270     rtsv7M4_T_le_v4SPD16_eabi.lib : _printfi.c.obj (.text:_pconv_a)
                  000026a4    00000238     uart0.obj (.text)
                  000028dc    000001d0     rtsv7M4_T_le_v4SPD16_eabi.lib : _printfi.c.obj (.text:_pconv_g)
                  00002aac    000001b6                                   : fd_add_t2.asm.obj (.text)
                  00002c62    00000002     --HOLE-- [fill = 0]
                  00002c64    0000013c                                   : _printfi.c.obj (.text:_pconv_e)
                  00002da0    00000136                                   : fd_div_t2.asm.obj (.text)
                  00002ed6    00000002     --HOLE-- [fill = 0]
                  00002ed8    00000130                                   : strtol.c.obj (.text:strtol)
                  00003008    00000124                                   : _printfi.c.obj (.text:fcvt)
                  0000312c    00000110                                   : s_scalbn.c.obj (.text:scalbn)
                  0000323c    000000fc                                   : fd_mul_t2.asm.obj (.text)
                  00003338    000000dc     SysTick.obj (.text)
                  00003414    000000b1     rtsv7M4_T_le_v4SPD16_eabi.lib : _printfi.c.obj (.text:_ltostr)
                  000034c5    00000001     --HOLE-- [fill = 0]
                  000034c6    0000009c                                   : memcpy_t2.asm.obj (.text)
                  00003562    00000096                                   : ull_div_t2.asm.obj (.text)
                  000035f8    00000086                                   : fd_cmp_t2.asm.obj (.text:__aeabi_cdcmple)
                  0000367e    00000086                                   : fd_cmp_t2.asm.obj (.text:__aeabi_cdrcmple)
                  00003704    0000007a                                   : memset_t2.asm.obj (.text)
                  0000377e    0000006e                                   : _printfi.c.obj (.text:_mcpy)
                  000037ec    00000068                                   : copy_decompress_lzss.c.obj (.text:decompress:lzss:__TI_decompress_lzss)
                  00003854    00000064                                   : s_frexp.c.obj (.text:frexp)
                  000038b8    00000056                                   : _printfi.c.obj (.text:_pconv_f)
                  0000390e    00000054                                   : _ltoa.c.obj (.text:__TI_ltoa)
                  00003962    00000052                                   : _printfi.c.obj (.text:_ecpy)
                  000039b4    0000004c                                   : atoi.c.obj (.text:atoi)
                  00003a00    00000048                                   : fd_toi_t2.asm.obj (.text)
                  00003a48    00000044                                   : autoinit.c.obj (.text:__TI_auto_init_nobinit_nopinit:__TI_auto_init_nobinit_nopinit)
                  00003a8c    00000040                                   : sprintf.c.obj (.text:sprintf)
                  00003acc    0000003e                                   : _printfi.c.obj (.text:_fcpy)
                  00003b0a    00000002     --HOLE-- [fill = 0]
                  00003b0c    00000034                                   : boot_cortex_m.c.obj (.text:_c_int00_noargs:_c_int00_noargs)
                  00003b40    0000002e                                   : i_tofd_t2.asm.obj (.text)
                  00003b6e    0000001c                                   : copy_zero_init.c.obj (.text:decompress:ZI:__TI_zero_init_nomemset:__TI_zero_init_nomemset)
                  00003b8a    0000001c                                   : memccpy.c.obj (.text:memccpy)
                  00003ba6    0000001a                                   : s_copysign.c.obj (.text:copysign)
                  00003bc0    00000018                                   : sprintf.c.obj (.text:_outs)
                  00003bd8    00000016                                   : strchr.c.obj (.text:strchr)
                  00003bee    00000014                                   : strlen.c.obj (.text:strlen)
                  00003c02    00000012                                   : wcslen.c.obj (.text:wcslen)
                  00003c14    0000000e                                   : copy_decompress_none.c.obj (.text:decompress:none:__TI_decompress_none)
                  00003c22    0000000c     tm4c123gh6pm_startup_ccs.obj (.text)
                  00003c2e    0000000a     rtsv7M4_T_le_v4SPD16_eabi.lib : sprintf.c.obj (.text:_outc)
                  00003c38    00000008                                   : errno.c.obj (.text:__aeabi_errno_addr)
                  00003c40    00000004                                   : pre_init.c.obj (.text:_system_pre_init)
                  00003c44    00000004                                   : exit.c.obj (.text:abort:abort)

.const     0    00003c48    00000101     
                  00003c48    00000101     rtsv7M4_T_le_v4SPD16_eabi.lib : ctype.c.obj (.const:.string:_ctypes_)

.cinit     0    00003d50    00000038     
                  00003d50    0000000d     (.cinit..data.load) [load image, compression = lzss]
                  00003d5d    00000003     --HOLE-- [fill = 0]
                  00003d60    0000000c     (__TI_handler_table)
                  00003d6c    00000004     --HOLE-- [fill = 0]
                  00003d70    00000008     (.cinit..bss.load) [load image, compression = zero_init]
                  00003d78    00000010     (__TI_cinit_table)

.init_array 
*          0    00000000    00000000     UNINITIALIZED

.bss       0    20000200    000000e0     UNINITIALIZED
                  20000200    000000c8     Data_PreProcessing.obj (.bss:string_buffer)
                  200002c8    00000018     Data_PreProcessing.obj (.bss:sensor_readings)

.data      0    200002e0    0000001c     UNINITIALIZED
                  200002e0    0000000c     Data_PreProcessing.obj (.data)
                  200002ec    00000005     Auto_Parking.obj (.data)
                  200002f1    00000003     --HOLE--
                  200002f4    00000004     SysTick.obj (.data)
                  200002f8    00000004     rtsv7M4_T_le_v4SPD16_eabi.lib : errno.c.obj (.data)

.stack     0    20000000    00000200     UNINITIALIZED
                  20000000    00000004     rtsv7M4_T_le_v4SPD16_eabi.lib : boot_cortex_m.c.obj (.stack)
                  20000004    000001fc     --HOLE--

__llvm_prf_cnts 
*          0    20000000    00000000     UNINITIALIZED

MODULE SUMMARY

       Module                         code    ro data   rw data
       ------                         ----    -------   -------
    .\
       Auto_Parking.obj               3908    0         5      
       Data_PreProcessing.obj         1288    0         236    
       main.obj                       812     0         0      
       tm4c123gh6pm_startup_ccs.obj   12      620       0      
       uart0.obj                      568     0         0      
       SysTick.obj                    220     0         4      
    +--+------------------------------+-------+---------+---------+
       Total:                         6808    620       245    
                                                               
    C:\ti\ccs1271\ccs\tools\compiler\ti-cgt-arm_20.2.7.LTS\lib\rtsv7M4_T_le_v4SPD16_eabi.lib
       _printfi.c.obj                 4851    0         0      
       fd_add_t2.asm.obj              438     0         0      
       fd_div_t2.asm.obj              310     0         0      
       strtol.c.obj                   304     0         0      
       s_scalbn.c.obj                 272     0         0      
       fd_cmp_t2.asm.obj              268     0         0      
       ctype.c.obj                    0       257       0      
       fd_mul_t2.asm.obj              252     0         0      
       memcpy_t2.asm.obj              156     0         0      
       ull_div_t2.asm.obj             150     0         0      
       memset_t2.asm.obj              122     0         0      
       copy_decompress_lzss.c.obj     104     0         0      
       s_frexp.c.obj                  100     0         0      
       sprintf.c.obj                  98      0         0      
       _ltoa.c.obj                    84      0         0      
       atoi.c.obj                     76      0         0      
       fd_toi_t2.asm.obj              72      0         0      
       autoinit.c.obj                 68      0         0      
       boot_cortex_m.c.obj            52      0         0      
       i_tofd_t2.asm.obj              46      0         0      
       copy_zero_init.c.obj           28      0         0      
       memccpy.c.obj                  28      0         0      
       s_copysign.c.obj               26      0         0      
       strchr.c.obj                   22      0         0      
       strlen.c.obj                   20      0         0      
       wcslen.c.obj                   18      0         0      
       copy_decompress_none.c.obj     14      0         0      
       errno.c.obj                    8       0         4      
       exit.c.obj                     4       0         0      
       pre_init.c.obj                 4       0         0      
       div0.asm.obj                   2       0         0      
    +--+------------------------------+-------+---------+---------+
       Total:                         7997    257       4      
                                                               
       Stack:                         0       0         512    
       Linker Generated:              0       49        0      
    +--+------------------------------+-------+---------+---------+
       Grand Total:                   14805   926       761    


LINKER GENERATED COPY TABLES

__TI_cinit_table @ 00003d78 records: 2, size/record: 8, table size: 16
	.data: load addr=00003d50, load size=0000000d bytes, run addr=200002e0, run size=0000001c bytes, compression=lzss
	.bss: load addr=00003d70, load size=00000008 bytes, run addr=20000200, run size=000000e0 bytes, compression=zero_init


LINKER GENERATED HANDLER TABLE

__TI_handler_table @ 00003d60 records: 3, size/record: 4, table size: 12
	index: 0, handler: __TI_decompress_lzss
	index: 1, handler: __TI_decompress_none
	index: 2, handler: __TI_zero_init


GLOBAL SYMBOLS: SORTED ALPHABETICALLY BY Name 

address   name                                      
-------   ----                                      
0000028d  AutoParking_Activate                      
000002b5  AutoParking_Deactivate                    
00000f11  AutoParking_GetState                      
0000026d  AutoParking_Init                          
000002e5  AutoParking_IsActive                      
00000325  AutoParking_Process                       
00000f17  AutoParking_SendData                      
00003c45  C$$EXIT                                   
00001cf1  Data_PreProcessing_Get_Brake              
00001ceb  Data_PreProcessing_Get_Steering           
00001ce5  Data_PreProcessing_Get_Throuttle          
00001ca1  Data_PreProcessing_Get_UltraSonic_Readings
00001cdf  Data_PreProcessing_Get_Vehicle_Speed      
00001c01  Data_PreProcessing_Init                   
00001c65  Data_PreProcessing_Process                
00002159  LED_Auto_Parking                          
00002109  Leds_Init                                 
00001cf7  Process_Sensor_Data                       
00001dbd  Process_String_Data                       
00003c23  ResetISR                                  
000033e9  SysTick_DeInit                            
000033b1  SysTick_Handler                           
00003339  SysTick_Init                              
000033c1  SysTick_SetCallBack                       
000033dd  SysTick_Start                             
0000336b  SysTick_StartBusyWait                     
000033d1  SysTick_Stop                              
0000273b  UART0_Data_Recieved                       
000026fb  UART0_Init                                
00002765  UART0_ReceiveByte                         
00002871  UART0_ReceiveData                         
00002811  UART0_ReceiveString                       
00002749  UART0_SendByte                            
00002849  UART0_SendData                            
00002775  UART0_SendNumber                          
000027eb  UART0_SendString                          
20000200  __STACK_END                               
00000200  __STACK_SIZE                              
20000200  __STACK_TOP                               
00003d78  __TI_CINIT_Base                           
00003d88  __TI_CINIT_Limit                          
00003d60  __TI_Handler_Table_Base                   
00003d6c  __TI_Handler_Table_Limit                  
00003a49  __TI_auto_init_nobinit_nopinit            
000037ed  __TI_decompress_lzss                      
00003c15  __TI_decompress_none                      
0000390f  __TI_ltoa                                 
ffffffff  __TI_pprof_out_hndl                       
000011b1  __TI_printfi                              
ffffffff  __TI_prof_data_size                       
ffffffff  __TI_prof_data_start                      
00000000  __TI_static_base__                        
00003b6f  __TI_zero_init_nomemset                   
000035f9  __aeabi_cdcmpeq                           
000035f9  __aeabi_cdcmple                           
0000367f  __aeabi_cdrcmple                          
00003a01  __aeabi_d2iz                              
00002ab7  __aeabi_dadd                              
00002da1  __aeabi_ddiv                              
0000323d  __aeabi_dmul                              
00002aad  __aeabi_dsub                              
00003c39  __aeabi_errno_addr                        
00003b41  __aeabi_i2d                               
00001bff  __aeabi_idiv0                             
00001bff  __aeabi_ldiv0                             
00003705  __aeabi_memclr                            
00003705  __aeabi_memclr4                           
00003705  __aeabi_memclr8                           
000034c7  __aeabi_memcpy                            
000034c7  __aeabi_memcpy4                           
000034c7  __aeabi_memcpy8                           
00003707  __aeabi_memset                            
00003707  __aeabi_memset4                           
00003707  __aeabi_memset8                           
00003563  __aeabi_uldivmod                          
ffffffff  __binit__                                 
ffffffff  __c_args__                                
UNDEFED   __mpu_init                                
20000000  __stack                                   
20000000  __start___llvm_prf_cnts                   
20000000  __stop___llvm_prf_cnts                    
00003b0d  _c_int00_noargs                           
00003c48  _ctypes_                                  
UNDEFED   _system_post_cinit                        
00003c41  _system_pre_init                          
00003c45  abort                                     
000039b5  atoi                                      
ffffffff  binit                                     
00003ba7  copysign                                  
00003ba7  copysignl                                 
200002f8  errno                                     
00003855  frexp                                     
00003855  frexpl                                    
00000000  g_pfnVectors                              
0000312d  ldexp                                     
0000312d  ldexpl                                    
0000220b  main                                      
00003b8b  memccpy                                   
000034c7  memcpy                                    
0000370d  memset                                    
000021f1  print_hex_byte                            
0000312d  scalbn                                    
0000312d  scalbnl                                   
00003a8d  sprintf                                   
00003bd9  strchr                                    
00003bef  strlen                                    
00002ed9  strtol                                    
00003c03  wcslen                                    


GLOBAL SYMBOLS: SORTED BY Symbol Address 

address   name                                      
-------   ----                                      
00000000  __TI_static_base__                        
00000000  g_pfnVectors                              
00000200  __STACK_SIZE                              
0000026d  AutoParking_Init                          
0000028d  AutoParking_Activate                      
000002b5  AutoParking_Deactivate                    
000002e5  AutoParking_IsActive                      
00000325  AutoParking_Process                       
00000f11  AutoParking_GetState                      
00000f17  AutoParking_SendData                      
000011b1  __TI_printfi                              
00001bff  __aeabi_idiv0                             
00001bff  __aeabi_ldiv0                             
00001c01  Data_PreProcessing_Init                   
00001c65  Data_PreProcessing_Process                
00001ca1  Data_PreProcessing_Get_UltraSonic_Readings
00001cdf  Data_PreProcessing_Get_Vehicle_Speed      
00001ce5  Data_PreProcessing_Get_Throuttle          
00001ceb  Data_PreProcessing_Get_Steering           
00001cf1  Data_PreProcessing_Get_Brake              
00001cf7  Process_Sensor_Data                       
00001dbd  Process_String_Data                       
00002109  Leds_Init                                 
00002159  LED_Auto_Parking                          
000021f1  print_hex_byte                            
0000220b  main                                      
000026fb  UART0_Init                                
0000273b  UART0_Data_Recieved                       
00002749  UART0_SendByte                            
00002765  UART0_ReceiveByte                         
00002775  UART0_SendNumber                          
000027eb  UART0_SendString                          
00002811  UART0_ReceiveString                       
00002849  UART0_SendData                            
00002871  UART0_ReceiveData                         
00002aad  __aeabi_dsub                              
00002ab7  __aeabi_dadd                              
00002da1  __aeabi_ddiv                              
00002ed9  strtol                                    
0000312d  ldexp                                     
0000312d  ldexpl                                    
0000312d  scalbn                                    
0000312d  scalbnl                                   
0000323d  __aeabi_dmul                              
00003339  SysTick_Init                              
0000336b  SysTick_StartBusyWait                     
000033b1  SysTick_Handler                           
000033c1  SysTick_SetCallBack                       
000033d1  SysTick_Stop                              
000033dd  SysTick_Start                             
000033e9  SysTick_DeInit                            
000034c7  __aeabi_memcpy                            
000034c7  __aeabi_memcpy4                           
000034c7  __aeabi_memcpy8                           
000034c7  memcpy                                    
00003563  __aeabi_uldivmod                          
000035f9  __aeabi_cdcmpeq                           
000035f9  __aeabi_cdcmple                           
0000367f  __aeabi_cdrcmple                          
00003705  __aeabi_memclr                            
00003705  __aeabi_memclr4                           
00003705  __aeabi_memclr8                           
00003707  __aeabi_memset                            
00003707  __aeabi_memset4                           
00003707  __aeabi_memset8                           
0000370d  memset                                    
000037ed  __TI_decompress_lzss                      
00003855  frexp                                     
00003855  frexpl                                    
0000390f  __TI_ltoa                                 
000039b5  atoi                                      
00003a01  __aeabi_d2iz                              
00003a49  __TI_auto_init_nobinit_nopinit            
00003a8d  sprintf                                   
00003b0d  _c_int00_noargs                           
00003b41  __aeabi_i2d                               
00003b6f  __TI_zero_init_nomemset                   
00003b8b  memccpy                                   
00003ba7  copysign                                  
00003ba7  copysignl                                 
00003bd9  strchr                                    
00003bef  strlen                                    
00003c03  wcslen                                    
00003c15  __TI_decompress_none                      
00003c23  ResetISR                                  
00003c39  __aeabi_errno_addr                        
00003c41  _system_pre_init                          
00003c45  C$$EXIT                                   
00003c45  abort                                     
00003c48  _ctypes_                                  
00003d60  __TI_Handler_Table_Base                   
00003d6c  __TI_Handler_Table_Limit                  
00003d78  __TI_CINIT_Base                           
00003d88  __TI_CINIT_Limit                          
20000000  __stack                                   
20000000  __start___llvm_prf_cnts                   
20000000  __stop___llvm_prf_cnts                    
20000200  __STACK_END                               
20000200  __STACK_TOP                               
200002f8  errno                                     
ffffffff  __TI_pprof_out_hndl                       
ffffffff  __TI_prof_data_size                       
ffffffff  __TI_prof_data_start                      
ffffffff  __binit__                                 
ffffffff  __c_args__                                
ffffffff  binit                                     
UNDEFED   __mpu_init                                
UNDEFED   _system_post_cinit                        

[108 symbols]
